// Jest Snapshot v1, https://goo.gl/fbAQLP

exports[`p6-grid-cell should render an empty cell 1`] = `
<p6-grid-cell style="width: 100px;">
  <!---->
  <div class="grid-cell-context-menu">
    <div>
      <p6-action mode="info">
        <p6-icon name="chevron-left"></p6-icon>
      </p6-action>
      <p6-action mode="info">
        <p6-icon name="sort"></p6-icon>
      </p6-action>
      <p6-action mode="info">
        <p6-icon name="chevron-right"></p6-icon>
      </p6-action>
    </div>
    <div>
      <p6-action mode="info">
        <p6-icon name="trash-alt"></p6-icon>
      </p6-action>
      <p6-action mode="info">
        <p6-icon name="minus"></p6-icon>
      </p6-action>
      <p6-action mode="info">
        <p6-icon name="plus"></p6-icon>
      </p6-action>
    </div>
    <div>
      <p6-action mode="default">
        <p6-icon name="align-left"></p6-icon>
      </p6-action>
      <p6-action mode="info">
        <p6-icon name="align-center"></p6-icon>
      </p6-action>
      <p6-action mode="info">
        <p6-icon name="align-right"></p6-icon>
      </p6-action>
    </div>
  </div>
</p6-grid-cell>
`;
