// Jest Snapshot v1, https://goo.gl/fbAQLP

exports[`p6-tabs Should display the third tab 1`] = `
<p6-tabs default="third">
  <mock:shadow-root>
    <div class="tabs">
      <ul>
        <li>
          <a href="#first" id="first-tab">
            What is Lorem Ipsum?
          </a>
        </li>
        <li>
          <a href="#second" id="second-tab">
            Where does it come from?
          </a>
        </li>
        <li class="is-active">
          <a href="#third" id="third-tab">
            Why do we use it?
          </a>
        </li>
        <li>
          <a href="#fourth" id="fourth-tab">
            Where can I get some?
          </a>
        </li>
      </ul>
    </div>
    <div class="tab-content">
      3
    </div>
  </mock:shadow-root>
  <div id="first" title="What is Lorem Ipsum?">
    1
  </div>
  <div id="second" title="Where does it come from?">
    2
  </div>
  <div id="third" title="Why do we use it?">
    3
  </div>
  <div id="fourth" title="Where can I get some?">
    4
  </div>
</p6-tabs>
`;
